MySQL Shell 8.0.14

Copyright (c) 2016, 2019, Oracle and/or its affiliates. All rights reserved.
Oracle is a registered trademark of Oracle Corporation and/or its affiliates.
Other names may be trademarks of their respective owners.

Type '\help' or '\?' for help; '\quit' to exit.

MySQL JS> \sql
Switching to SQL mode... Commands end with ;

MySQL SQL> \connect --mc local0} 4
Invalid URI: Illegal character [}] found at position 6

MySQL SQL> \connect --mc root@localhost
Creating a Classic session to 'root@localhost'
Fetching schema names for autocompletion... Press ^C to stop.
Your MySQL connection id is 8
Server version: 8.0.14 MySQL Community Server - GPL
No default schema selected; type \use <schema> to set one.

MySQL [localhost ssl] SQL> use eva_1
Default schema set to `eva_1`.
Fetching table and column names from `eva_1` for auto-completion... Press ^C to
stop.

MySQL [localhost ssl/eva_1] SQL> show tables
                              ->
                              -> ;
Empty set (0.0036 sec)

MySQL [localhost ssl/eva_1] SQL> create table empleados (
                              -> id (11),
                              -> nombre varchar (50),
                              -> fecha_de_nacimiento date,
                              -> rfc,
                              -> ciudad _de_naciemento text,
                              -> estado,
                              -> numero_tel varchar (50),
                              -> estado );
ERROR: 1064 (42000): You have an error in your SQL syntax; check the manual that
 corresponds to your MySQL server version for the right syntax to use near '(11)
,
nombre varchar (50),
fecha_de_nacimiento date,
rfc,
ciudad _de_naciemento ' at line 2

MySQL [localhost ssl/eva_1] SQL> create table empleados (
                              -> id int 11
                              -> ;
ERROR: 1064 (42000): You have an error in your SQL syntax; check the manual that
 corresponds to your MySQL server version for the right syntax to use near '11'
at line 2

MySQL [localhost ssl/eva_1] SQL> use eva_1
Default schema set to `eva_1`.
Fetching table and column names from `eva_1` for auto-completion... Press ^C to
stop.

MySQL [localhost ssl/eva_1] SQL> create table empleados ( id int(11));
Query OK, 0 rows affected (1.5449 sec)

MySQL [localhost ssl/eva_1] SQL> show tables
                              -> ;
+-----------------+
| Tables_in_eva_1 |
+-----------------+
| empleados       |
+-----------------+
1 row in set (0.0396 sec)

MySQL [localhost ssl/eva_1] SQL> desc empleados;
+-------+---------+------+-----+---------+-------+
| Field | Type    | Null | Key | Default | Extra |
+-------+---------+------+-----+---------+-------+
| id    | int(11) | YES  |     | NULL    |       |
+-------+---------+------+-----+---------+-------+
1 row in set (0.3680 sec)

MySQL [localhost ssl/eva_1] SQL> drop empleados;
ERROR: 1064 (42000): You have an error in your SQL syntax; check the manual that
 corresponds to your MySQL server version for the right syntax to use near 'empl
eados' at line 1

MySQL [localhost ssl/eva_1] SQL> drop table empleados;
Query OK, 0 rows affected (0.8451 sec)

MySQL [localhost ssl/eva_1] SQL> show tables;
Empty set (0.0040 sec)

MySQL [localhost ssl/eva_1] SQL> crete table empelados ( id int(11)
                              -> nombre varchar (50),
                              -> fecha_de_nacimiento date,
                              -> rfc int,
                              -> ciudad_de_nacimiento date,
                              -> estado int,
                              -> numero_de_telefono varchar(50),
                              -> estado int);
ERROR: 1064 (42000): You have an error in your SQL syntax; check the manual that
 corresponds to your MySQL server version for the right syntax to use near 'cret
e table empelados ( id int(11)
nombre varchar (50),
fecha_de_nacimiento date' at line 1

MySQL [localhost ssl/eva_1] SQL> show tables
                              -> ;
Empty set (0.0044 sec)

MySQL [localhost ssl/eva_1] SQL> create table ( id int (11),
                              -> nombre varchar(50));
ERROR: 1064 (42000): You have an error in your SQL syntax; check the manual that
 corresponds to your MySQL server version for the right syntax to use near '( id
 int (11),
nombre varchar(50))' at line 1

MySQL [localhost ssl/eva_1] SQL> create table ( id int(11),
                              -> nombre varchar(50);
ERROR: 1064 (42000): You have an error in your SQL syntax; check the manual that
 corresponds to your MySQL server version for the right syntax to use near '( id
 int(11),
nombre varchar(50)' at line 1

MySQL [localhost ssl/eva_1] SQL> cera   ¿Â¿Â¿
                              ->
                              -> ;
ERROR: 1064 (42000): You have an error in your SQL syntax; check the manual that
 corresponds to your MySQL server version for the right syntax to use near 'cera
' at line 1

MySQL [localhost ssl/eva_1] SQL> create table em  ¿
                              -> ;
ERROR: 1113 (42000): A table must have at least 1 column

MySQL [localhost ssl/eva_1] SQL> create table empleados (id int(11),
                              -> nomvre varchar(50));
Query OK, 0 rows affected (0.6014 sec)

MySQL [localhost ssl/eva_1] SQL> show tables ;
+-----------------+
| Tables_in_eva_1 |
+-----------------+
| empleados       |
+-----------------+
1 row in set (0.0044 sec)

MySQL [localhost ssl/eva_1] SQL> desc empleados;
+--------+-------------+------+-----+---------+-------+
| Field  | Type        | Null | Key | Default | Extra |
+--------+-------------+------+-----+---------+-------+
| id     | int(11)     | YES  |     | NULL    |       |
| nomvre | varchar(50) | YES  |     | NULL    |       |
+--------+-------------+------+-----+---------+-------+
2 rows in set (0.0066 sec)

MySQL [localhost ssl/eva_1] SQL> alter table empleados add fecha_de_naciemiento
                                 alter table empleados add fecha_de_naciemiento

MySQL [localhost ssl/eva_1] SQL> alter table empleados add fehca_de_naciemiento
                                 alter table empleados add fehca_de_naciemiento
date;
Query OK, 0 rows affected (0.7904 sec)

Records: 0  Duplicates: 0  Warnings: 0

MySQL [localhost ssl/eva_1] SQL> show tables;
+-----------------+
| Tables_in_eva_1 |
+-----------------+
| empleados       |
+-----------------+
1 row in set (0.0040 sec)

MySQL [localhost ssl/eva_1] SQL> desc tables;
ERROR: 1146 (42S02): Table 'eva_1.tables' doesn't exist

MySQL [localhost ssl/eva_1] SQL> desc empleados,
                              -> ;
ERROR: 1064 (42000): You have an error in your SQL syntax; check the manual that
 corresponds to your MySQL server version for the right syntax to use near ',' a
t line 1

MySQL [localhost ssl/eva_1] SQL> desc empleados;
+----------------------+-------------+------+-----+---------+-------+
| Field                | Type        | Null | Key | Default | Extra |
+----------------------+-------------+------+-----+---------+-------+
| id                   | int(11)     | YES  |     | NULL    |       |
| nomvre               | varchar(50) | YES  |     | NULL    |       |
| fehca_de_naciemiento | date        | YES  |     | NULL    |       |
+----------------------+-------------+------+-----+---------+-------+
3 rows in set (0.0045 sec)

MySQL [localhost ssl/eva_1] SQL> ^C
MySQL [localhost ssl/eva_1] SQL> ^C
MySQL [localhost ssl/eva_1] SQL> ;
ERROR: 1065 (42000): Query was empty

MySQL [localhost ssl/eva_1] SQL> alter table empleados add rfc int ;
Query OK, 0 rows affected (0.6095 sec)

Records: 0  Duplicates: 0  Warnings: 0

MySQL [localhost ssl/eva_1] SQL> alter table empleados add ciudad_de_nacimienot
                                 alter table empleados add ciudad_de_nacimiento
                                 alter table empleados add ciudad_de_nacimiento
text;
Query OK, 0 rows affected (0.4243 sec)

Records: 0  Duplicates: 0  Warnings: 0

MySQL [localhost ssl/eva_1] SQL> a ±te
                              -> ;
ERROR: 1064 (42000): You have an error in your SQL syntax; check the manual that
 corresponds to your MySQL server version for the right syntax to use near 'a' a
t line 1

MySQL [localhost ssl/eva_1] SQL> alter table empleados add estados int;
Query OK, 0 rows affected (0.6072 sec)

Records: 0  Duplicates: 0  Warnings: 0

MySQL [localhost ssl/eva_1] SQL> alter table empleados add numero_tel varchar (5
                                 alter table empleados add numero_tel varchar (5
0);
Query OK, 0 rows affected (0.3794 sec)

Records: 0  Duplicates: 0  Warnings: 0

MySQL [localhost ssl/eva_1] SQL> show tables;
+-----------------+
| Tables_in_eva_1 |
+-----------------+
| empleados       |
+-----------------+
1 row in set (0.0493 sec)

MySQL [localhost ssl/eva_1] SQL> desc empleados;
+----------------------+-------------+------+-----+---------+-------+
| Field                | Type        | Null | Key | Default | Extra |
+----------------------+-------------+------+-----+---------+-------+
| id                   | int(11)     | YES  |     | NULL    |       |
| nomvre               | varchar(50) | YES  |     | NULL    |       |
| fehca_de_naciemiento | date        | YES  |     | NULL    |       |
| rfc                  | int(11)     | YES  |     | NULL    |       |
| ciudad_de_nacimiento | text        | YES  |     | NULL    |       |
| estados              | int(11)     | YES  |     | NULL    |       |
| numero_tel           | varchar(50) | YES  |     | NULL    |       |
+----------------------+-------------+------+-----+---------+-------+
7 rows in set (0.0057 sec)

MySQL [localhost ssl/eva_1] SQL>



----------------------+-------------+------+-----+---------+-------+
 rows in set (0.0057 sec)

ySQL [localhost ssl/eva_1] SQL> alter table empleados rename column nombvre to
                                alter table empleados rename column nombvre to
ombre;
RROR: 1054 (42S22): Unknown column 'nombvre' in 'empleados'

ySQL [localhost ssl/eva_1] SQL> a ±
                             -> alter table empleados rename column nombvre to
ombre;;
RROR: 1064 (42000): You have an error in your SQL syntax; check the manual tha
corresponds to your MySQL server version for the right syntax to use near 'a
lter table empleados rename column nombvre to nombre' at line 1
RROR: 1065 (42000): Query was empty

ySQL [localhost ssl/eva_1] SQL> alter table empleados rename column nomvre to
                                alter table empleados rename column nomvre to
     ¿Â¿                        alter table empleados rename column nomvre to
                             -> nombre;
uery OK, 0 rows affected (0.8450 sec)

ecords: 0  Duplicates: 0  Warnings: 0

ySQL [localhost ssl/eva_1] SQL> desc empleados;
----------------------+-------------+------+-----+---------+-------+
 Field                | Type        | Null | Key | Default | Extra |
----------------------+-------------+------+-----+---------+-------+
 id                   | int(11)     | YES  |     | NULL    |       |
 nombre               | varchar(50) | YES  |     | NULL    |       |
 fehca_de_naciemiento | date        | YES  |     | NULL    |       |
 rfc                  | int(11)     | YES  |     | NULL    |       |
 ciudad_de_nacimiento | text        | YES  |     | NULL    |       |
 estados              | int(11)     | YES  |     | NULL    |       |
 numero_tel           | varchar(50) | YES  |     | NULL    |       |
----------------------+-------------+------+-----+---------+-------+
 rows in set (0.0050 sec)

ySQL [localhost ssl/eva_1] SQL>

