MySQL Shell 8.0.14

Copyright (c) 2016, 2019, Oracle and/or its affiliates. All rights reserved.
Oracle is a registered trademark of Oracle Corporation and/or its affiliates.
Other names may be trademarks of their respective owners.

Type '\help' or '\?' for help; '\quit' to exit.

MySQL JS> \sql
Switching to SQL mode... Commands end with ;

MySQL SQL> \connect --mc root@localhost
Creating a Classic session to 'root@localhost'
Fetching schema names for autocompletion... Press ^C to stop.
Your MySQL connection id is 15
Server version: 8.0.14 MySQL Community Server - GPL
No default schema selected; type \use <schema> to set one.

MySQL [localhost ssl] SQL> create user 'usuario_1'@'localhost 'identified by'xxx
x.1234';
Query OK, 0 rows affected (0.2314 sec)

MySQL [localhost ssl] SQL> select host , user from mysql.user;
+-----------+------------------+
| host      | user             |
+-----------+------------------+
| %         | Angel            |
| localhost | mysql.infoschema |
| localhost | mysql.session    |
| localhost | mysql.sys        |
| localhost | root             |
| localhost | usuario_1        |
+-----------+------------------+
6 rows in set (0.0020 sec)

MySQL [localhost ssl] SQL> \connect --mc usuario_1@localhost
Creating a Classic session to 'usuario_1@localhost'
Please provide the password for 'usuario_1@localhost': *********
Save password for 'usuario_1@localhost'? [Y]es/[N]o/Ne[v]er (default No): n
Fetching schema names for autocompletion... Press ^C to stop.
Closing old connection...
Your MySQL connection id is 16
Server version: 8.0.14 MySQL Community Server - GPL
No default schema selected; type \use <schema> to set one.

MySQL [localhost ssl] SQL> show database;
ERROR: 1064 (42000): You have an error in your SQL syntax; check the manual that
 corresponds to your MySQL server version for the right syntax to use near 'data
base' at line 1

MySQL [localhost ssl] SQL> show databases;
+--------------------+
| Database           |
+--------------------+
| information_schema |
+--------------------+
1 row in set (0.0026 sec)

MySQL [localhost ssl] SQL> drop user 'usuario_1'@'localhost';
ERROR: 1227 (42000): Access denied; you need (at least one of) the CREATE USER p
rivilege(s) for this operation

MySQL [localhost ssl] SQL> \ connect --mc root@localhost
Unknown command: '\ connect --mc root@localhost'
MySQL [localhost ssl] SQL> \connect --mc usuario_1@localhost
Creating a Classic session to 'usuario_1@localhost'
Please provide the password for 'usuario_1@localhost': **************
MySQL Error 1045 (28000): Access denied for user 'usuario_1'@'localhost' (using
password: YES)

MySQL [localhost ssl] SQL> \connect --mc ROOT@localhost
Creating a Classic session to 'ROOT@localhost'
Please provide the password for 'ROOT@localhost': **************
MySQL Error 1045 (28000): Access denied for user 'ROOT'@'localhost' (using passw
ord: YES)

MySQL [localhost ssl] SQL> Y
                        -> ;
ERROR: 1064 (42000): You have an error in your SQL syntax; check the manual that
 corresponds to your MySQL server version for the right syntax to use near 'Y' a
t line 1

MySQL [localhost ssl] SQL> \connect --mc ROOT@localhost
Creating a Classic session to 'ROOT@localhost'
Please provide the password for 'ROOT@localhost': ***************
MySQL Error 1045 (28000): Access denied for user 'ROOT'@'localhost' (using passw
ord: YES)

MySQL [localhost ssl] SQL> \connect --mc root@localhost
Creating a Classic session to 'root@localhost'
Please provide the password for 'root@localhost': **************
Save password for 'root@localhost'? [Y]es/[N]o/Ne[v]er (default No): n
Fetching schema names for autocompletion... Press ^C to stop.
Closing old connection...
Your MySQL connection id is 21
Server version: 8.0.14 MySQL Community Server - GPL
No default schema selected; type \use <schema> to set one.

MySQL [localhost ssl] SQL> show databases
                        -> ;
+--------------------+
| Database           |
+--------------------+
| eva_1              |
| information_schema |
| mysql              |
| paises             |
| performance_schema |
| sakila             |
| sys                |
| world              |
+--------------------+
8 rows in set (0.0027 sec)

MySQL [localhost ssl] SQL> drop user 'usuario_1'@'localhost';
Query OK, 0 rows affected (0.1176 sec)

MySQL [localhost ssl] SQL> select host , user from mysql.user;
+-----------+------------------+
| host      | user             |
+-----------+------------------+
| %         | Angel            |
| localhost | mysql.infoschema |
| localhost | mysql.session    |
| localhost | mysql.sys        |
| localhost | root             |
+-----------+------------------+
5 rows in set (0.0014 sec)

MySQL [localhost ssl] SQL>

MySQL [localhost ssl] SQL> create user 'usuario_2'@'localhost 'indentified by'xx
xx.1234';
ERROR: 1064 (42000): You have an error in your SQL syntax; check the manual that
 corresponds to your MySQL server version for the right syntax to use near 'inde
ntified by'xxxx.1234'' at line 1

MySQL [localhost ssl] SQL> create user 'usuario_2'@'localhost 'identified by'xxx
x.1234';
Query OK, 0 rows affected (0.1199 sec)

MySQL [localhost ssl] SQL> grant all on *.* to'usuario_2'@'localhost';
Query OK, 0 rows affected (0.1405 sec)

MySQL [localhost ssl] SQL> \connect --mc usuario_2@localhost
Creating a Classic session to 'usuario_2@localhost'
Please provide the password for 'usuario_2@localhost': *********
Save password for 'usuario_2@localhost'? [Y]es/[N]o/Ne[v]er (default No): n
Fetching schema names for autocompletion... Press ^C to stop.
Closing old connection...
Your MySQL connection id is 22
Server version: 8.0.14 MySQL Community Server - GPL
No default schema selected; type \use <schema> to set one.

MySQL [localhost ssl] SQL> show databases;
+--------------------+
| Database           |
+--------------------+
| eva_1              |
| information_schema |
| mysql              |
| paises             |
| performance_schema |
| sakila             |
| sys                |
| world              |
+--------------------+
8 rows in set (0.0025 sec)


MySQL [localhost ssl] SQL> create user 'u'@'localhost 'identified by'xxxx.1234';
                           create user 'e'@'localhost 'identified by'xxxx.1234';
                           create user 'eva_1'@'localhost 'identified by'xxxx.12
34';
Query OK, 0 rows affected (0.1163 sec)

MySQL [localhost ssl] SQL>






MySQL [localhost ssl] SQL> select host , user from mysql.user;
+-----------+------------------+
| host      | user             |
+-----------+------------------+
| %         | Angel            |
| localhost | eva_1            |
| localhost | mysql.infoschema |
| localhost | mysql.session    |
| localhost | mysql.sys        |
| localhost | root             |
| localhost | usuario_2        |
+-----------+------------------+
7 rows in set (0.0017 sec)

MySQL [localhost ssl] SQL> show databases;
+--------------------+
| Database           |
+--------------------+
| eva_1              |
| information_schema |
| mysql              |
| paises             |
| performance_schema |
| sakila             |
| sys                |
| world              |
+--------------------+
8 rows in set (0.0031 sec)

MySQL [localhost ssl] SQL> create user 'usuario_eva_1'@'localhost 'identified b
'xxxx.1234';
Query OK, 0 rows affected (0.1321 sec)

MySQL [localhost ssl] SQL> select host , user from mysql.user;
+-----------+------------------+
| host      | user             |
+-----------+------------------+
| %         | Angel            |
| localhost | eva_1            |
| localhost | mysql.infoschema |
| localhost | mysql.session    |
| localhost | mysql.sys        |
| localhost | root             |
| localhost | usuario_2        |
| localhost | usuario_eva_1    |
+-----------+------------------+
8 rows in set (0.0012 sec)


MySQL Shell 8.0.14

Copyright (c) 2016, 2019, Oracle and/or its affiliates. All rights reserved.
Oracle is a registered trademark of Oracle Corporation and/or its affiliates.
Other names may be trademarks of their respective owners.

Type '\help' or '\?' for help; '\quit' to exit.

MySQL JS> \sql
Switching to SQL mode... Commands end with ;

MySQL SQL> \connect --mc root@localhost
Creating a Classic session to 'root@localhost'
Fetching schema names for autocompletion... Press ^C to stop.
Your MySQL connection id is 34
Server version: 8.0.14 MySQL Community Server - GPL
No default schema selected; type \use <schema> to set one.

MySQL [localhost ssl] SQL> show databases;
+--------------------+
| Database           |
+--------------------+
| eva_1              |
| information_schema |
| mysql              |
| paises             |
| performance_schema |
| sakila             |
| sys                |
| world              |
+--------------------+
8 rows in set (0.0012 sec)

MySQL [localhost ssl] SQL> grant select on eva_1 .* to 'consultas'@'localhost';
ERROR: 1410 (42000): You are not allowed to create a user with GRANT

MySQL [localhost ssl] SQL> select host, user from mysql.user;
+-----------+------------------+
| host      | user             |
+-----------+------------------+
| %         | Angel            |
| localhost | CONSULTAS        |
| localhost | eva_1            |
| localhost | mysql.infoschema |
| localhost | mysql.session    |
| localhost | mysql.sys        |
| localhost | root             |
| localhost | usuario_2        |
| localhost | usuario_eva_1    |
+-----------+------------------+
9 rows in set (0.0007 sec)

MySQL [localhost ssl] SQL> grant select on eva_1 .* to 'CONSULTAS'@'localhost';
Query OK, 0 rows affected (0.4931 sec)

MySQL [localhost ssl] SQL>




















MySQL [localhost ssl/eva_1] SQL> grant all on eva_1.* to 'usuario_eva_1'@'local
ost';
Query OK, 0 rows affected (0.1357 sec)

MySQL [localhost ssl/eva_1] SQL> \connect --mc usuario_eva_1@localhost
Creating a Classic session to 'usuario_eva_1@localhost'
Please provide the password for 'usuario_eva_1@localhost': *********
Save password for 'usuario_eva_1@localhost'? [Y]es/[N]o/Ne[v]er (default No): n
Fetching schema names for autocompletion... Press ^C to stop.
Closing old connection...
Your MySQL connection id is 24
Server version: 8.0.14 MySQL Community Server - GPL
No default schema selected; type \use <schema> to set one.

MySQL [localhost ssl] SQL> show databases;
+--------------------+
| Database           |
+--------------------+
| eva_1              |
| information_schema |
+--------------------+
2 rows in set (0.0023 sec)

MySQL [localhost ssl] SQL> create user 'u'@'localhost 'identified by'xxxx.1234'
                           create user 'c'@'localhost 'identified by'xxxx.1234'
                           create user 'consultas'@'localhost 'identified by'xx
x.1234';
ERROR: 1227 (42000): Access denied; you need (at least one of) the CREATE USER
rivilege(s) for this operation

MySQL [localhost ssl] SQL> \connect --mc root@localhost
Creating a Classic session to 'root@localhost'
Please provide the password for 'root@localhost': **************
Save password for 'root@localhost'? [Y]es/[N]o/Ne[v]er (default No): N
Fetching schema names for autocompletion... Press ^C to stop.
Closing old connection...
Your MySQL connection id is 25
Server version: 8.0.14 MySQL Community Server - GPL
No default schema selected; type \use <schema> to set one.

MySQL [localhost ssl] SQL> create user 'u'@'localhost 'identified by'xxxx.1234'
                           create user 'C'@'localhost 'identified by'xxxx.1234'
                           create user 'CONSULTAS'@'localhost 'identified by'xx
x.1234';
Query OK, 0 rows affected (0.1117 sec)

MySQL [localhost ssl] SQL> select host , user from mysql.user;
+-----------+------------------+
| host      | user             |
+-----------+------------------+
| %         | Angel            |
| localhost | CONSULTAS        |
| localhost | eva_1            |
| localhost | mysql.infoschema |
| localhost | mysql.session    |
| localhost | mysql.sys        |
| localhost | root             |
| localhost | usuario_2        |
| localhost | usuario_eva_1    |
+-----------+------------------+
9 rows in set (0.0011 sec)

MySQL [localhost ssl] SQL> grant select on eva_1 .* to 'consultas'@'localhost';
ERROR: 1410 (42000): You are not allowed to create a user with GRANT

MySQL [localhost ssl] SQL> \connect --mc root@localhost
Creating a Classic session to 'root@localhost'
Please provide the password for 'root@localhost': **************
Save password for 'root@localhost'? [Y]es/[N]o/Ne[v]er (default No): n
Fetching schema names for autocompletion... Press ^C to stop.
Closing old connection...
Your MySQL connection id is 26
Server version: 8.0.14 MySQL Community Server - GPL
No default schema selected; type \use <schema> to set one.

MySQL [localhost ssl] SQL> show databases;
+--------------------+
| Database           |
+--------------------+
| eva_1              |
| information_schema |
| mysql              |
| paises             |
| performance_schema |
| sakila             |
| sys                |
| world              |
+--------------------+
8 rows in set (0.0022 sec)

MySQL [localhost ssl] SQL> grant select on eva_1 .* to 'consultas'@'localhost';
ERROR: 1410 (42000): You are not allowed to create a user with GRANT

MySQL [localhost ssl] SQL> select host , user from mysql.user;
+-----------+------------------+
| host      | user             |
+-----------+------------------+
| %         | Angel            |
| localhost | CONSULTAS        |
| localhost | eva_1            |
| localhost | mysql.infoschema |
| localhost | mysql.session    |
| localhost | mysql.sys        |
| localhost | root             |
| localhost | usuario_2        |
| localhost | usuario_eva_1    |
+-----------+------------------+
9 rows in set (0.0012 sec)






MySQL [localhost ssl] SQL> create user 'jodidillo'@'localhost' identified by'xxx
                           create user 'jodidillo'@'localhost' identified by'xxx
x.1234';
Query OK, 0 rows affected (0.2231 sec)

MySQL [localhost ssl] SQL> grant select on eva_1. .* to 'CONSULTAS'@'localhost';
                           grant select on eva_1.empleados .* to ''@'localhost';
                           grant select on eva_1.empleados .* to 'jodidillo'@'lo
calhost';
ERROR: 1064 (42000): You have an error in your SQL syntax; check the manual that
 corresponds to your MySQL server version for the right syntax to use near '.* t
o 'jodidillo'@'localhost'' at line 1

MySQL [localhost ssl] SQL> grant select on eva_1.empleados  to 'jodidillo'@'loca
lhost';
Query OK, 0 rows affected (0.1184 sec)

MySQL [localhost ssl] SQL>






















MySQL Shell 8.0.14

Copyright (c) 2016, 2019, Oracle and/or its affiliates. All rights reserved.
Oracle is a registered trademark of Oracle Corporation and/or its affiliates.
Other names may be trademarks of their respective owners.

Type '\help' or '\?' for help; '\quit' to exit.

MySQL JS> \SQL
Unknown command: '\SQL'
MySQL JS> \sql
Switching to SQL mode... Commands end with ;

MySQL SQL> \connect --mc consultas@localhost
Creating a Classic session to 'consultas@localhost'
Please provide the password for 'consultas@localhost': *********
MySQL Error 1045 (28000): Access denied for user 'consultas'@'localhost' (using
password: YES)

MySQL SQL> \connect --mc consultas@localhost
Creating a Classic session to 'consultas@localhost'
Please provide the password for 'consultas@localhost': *********
MySQL Error 1045 (28000): Access denied for user 'consultas'@'localhost' (using
password: YES)

MySQL SQL> \connect --mc CONSULTAS@localhost
Creating a Classic session to 'CONSULTAS@localhost'
Please provide the password for 'CONSULTAS@localhost': *********
MySQL Error 1045 (28000): Access denied for user 'CONSULTAS'@'localhost' (using
password: YES)

MySQL SQL> \connect --mc CONSULTAS@localhost
Creating a Classic session to 'CONSULTAS@localhost'
Please provide the password for 'CONSULTAS@localhost': *********
Save password for 'CONSULTAS@localhost'? [Y]es/[N]o/Ne[v]er (default No): n
Fetching schema names for autocompletion... Press ^C to stop.
Your MySQL connection id is 38
Server version: 8.0.14 MySQL Community Server - GPL
No default schema selected; type \use <schema> to set one.

MySQL [localhost ssl] SQL> show databases;
+--------------------+
| Database           |
+--------------------+
| eva_1              |
| information_schema |
+--------------------+
2 rows in set (0.0011 sec)

MySQL [localhost ssl] SQL> \use eva_1
Default schema set to `eva_1`.
Fetching table and column names from `eva_1` for auto-completion... Press ^C to
stop.

MySQL [localhost ssl/eva_1] SQL> show tables;
+-----------------+
| Tables_in_eva_1 |
+-----------------+
| empleados       |
| paises          |
+-----------------+
2 rows in set (0.0019 sec)

MySQL [localhost ssl/eva_1] SQL> desc empleados;
+----------------------+--------------------------------+------+-----+---------+
----------------+
| Field                | Type                           | Null | Key | Default |
 Extra          |
+----------------------+--------------------------------+------+-----+---------+
----------------+
| id                   | int(11)                        | NO   | PRI | NULL    |
 auto_increment |
| id_depto             | int(11)                        | YES  | UNI | NULL    |
                |
| nombre               | int(11)                        | NO   |     | NULL    |
                |
| apellido             | varchar(50)                    | NO   |     | NULL    |
                |
| iniciales            | varchar(50)                    | YES  |     | NULL    |
                |
| fecha_de_naciemiento | date                           | NO   |     | NULL    |
                |
| rfc                  | int(11)                        | YES  |     | NULL    |
                |
| nss                  | varchar(20)                    | NO   | UNI | NULL    |
                |
| ciudad_de_nacimiento | text                           | YES  |     | NULL    |
                |
| estados              | enum('cuu','cdmx','bcn','son') | YES  |     | NULL    |
                |
| pais                 | varchar(10)                    | YES  |     | NULL    |
                |
| numero_tel           | varchar(50)                    | YES  |     | NULL    |
                |
| tel_fijo             | varchar(50)                    | YES  |     | NULL    |
                |
| salario              | int(20)                        | YES  |     | NULL    |
                |
+----------------------+--------------------------------+------+-----+---------+
----------------+
14 rows in set (0.0019 sec)

MySQL [localhost ssl/eva_1] SQL> selec * from empleados;
ERROR: 1064 (42000): You have an error in your SQL syntax; check the manual that
 corresponds to your MySQL server version for the right syntax to use near 'sele
c * from empleados' at line 1

MySQL [localhost ssl/eva_1] SQL> select * from empleados;
Empty set (0.0012 sec)

MySQL [localhost ssl/eva_1] SQL> alter table empleados add apellido varchar(50)
                              -> after nombre;
ERROR: 1142 (42000): ALTER command denied to user 'CONSULTAS'@'localhost' for ta
ble 'empleados'

MySQL [localhost ssl/eva_1] SQL>



MySQL Shell 8.0.14

Copyright (c) 2016, 2019, Oracle and/or its affiliates. All rights reserved.
Oracle is a registered trademark of Oracle Corporation and/or its affiliates.
Other names may be trademarks of their respective owners.

Type '\help' or '\?' for help; '\quit' to exit.

MySQL JS> \sql
Switching to SQL mode... Commands end with ;

MySQL SQL> \connect --mc jodidillo@localhost
Creating a Classic session to 'jodidillo@localhost'
Please provide the password for 'jodidillo@localhost': *********
Save password for 'jodidillo@localhost'? [Y]es/[N]o/Ne[v]er (default No): n
Fetching schema names for autocompletion... Press ^C to stop.
Your MySQL connection id is 39
Server version: 8.0.14 MySQL Community Server - GPL
No default schema selected; type \use <schema> to set one.

MySQL [localhost ssl] SQL> show databases;
+--------------------+
| Database           |
+--------------------+
| eva_1              |
| information_schema |
+--------------------+
2 rows in set (0.0011 sec)

MySQL [localhost ssl] SQL> \use eva_1
Default schema set to `eva_1`.
Fetching table and column names from `eva_1` for auto-completion... Press ^C to
stop.

MySQL [localhost ssl/eva_1] SQL> show tables;
+-----------------+
| Tables_in_eva_1 |
+-----------------+
| empleados       |
+-----------------+
1 row in set (0.0017 sec)

MySQL [localhost ssl/eva_1] SQL> desc empleados;
+----------------------+--------------------------------+------+-----+---------+
----------------+
| Field                | Type                           | Null | Key | Default |
 Extra          |
+----------------------+--------------------------------+------+-----+---------+
----------------+
| id                   | int(11)                        | NO   | PRI | NULL    |
 auto_increment |
| id_depto             | int(11)                        | YES  | UNI | NULL    |
                |
| nombre               | int(11)                        | NO   |     | NULL    |
                |
| apellido             | varchar(50)                    | NO   |     | NULL    |
                |
| iniciales            | varchar(50)                    | YES  |     | NULL    |
                |
| fecha_de_naciemiento | date                           | NO   |     | NULL    |
                |
| rfc                  | int(11)                        | YES  |     | NULL    |
                |
| nss                  | varchar(20)                    | NO   | UNI | NULL    |
                |
| ciudad_de_nacimiento | text                           | YES  |     | NULL    |
                |
| estados              | enum('cuu','cdmx','bcn','son') | YES  |     | NULL    |
                |
| pais                 | varchar(10)                    | YES  |     | NULL    |
                |
| numero_tel           | varchar(50)                    | YES  |     | NULL    |
                |
| tel_fijo             | varchar(50)                    | YES  |     | NULL    |
                |
| salario              | int(20)                        | YES  |     | NULL    |
                |
+----------------------+--------------------------------+------+-----+---------+
----------------+
14 rows in set (0.0022 sec)

MySQL [localhost ssl/eva_1] SQL>




































































